>git clone https://github.com/jnudizon/dizon_githubpractice
>cd dizon_githubpractice

>git status
Your branch is up-to-date with 'origin/master'.

Untracked files:
  (use "git add <file>..." to include in what will be committed)

	chptr1/

nothing added to commit but untracked files present (use "git add" to track)

>git add chptr1
>git add README
>git status

On branch master
Your branch is up-to-date with 'origin/master'.

Changes to be committed:
  (use "git reset HEAD <file>..." to unstage)

	new file:   chptr1/README.md
	new file:   chptr1/chapter1_answers

>git status -s
A  chptr1/README.md
A  chptr1/chapter1_answers

>git commit
[master 3b77f99] "This is my first commit."
 2 files changed, 9 insertions(+)
 create mode 100644 chptr1/README.md
 create mode 100644 chptr1/chapter1_answers

nano NOTAFILE.md
ubuntu01@ubuntubootcampvm:~/dizon_githubpractice/chptr1$ git status
On branch master
Your branch is ahead of 'origin/master' by 1 commit.
  (use "git push" to publish your local commits)

Untracked files:
  (use "git add <file>..." to include in what will be committed)

	NOTAFILE.md

nothing added to commit but untracked files present (use "git add" to track)
ubuntu01@ubuntubootcampvm:~/dizon_githubpractice/chptr1$ git add NOTAFILE
fatal: pathspec 'NOTAFILE' did not match any files
ubuntu01@ubuntubootcampvm:~/dizon_githubpractice/chptr1$ git add NOTAFILE.md
ubuntu01@ubuntubootcampvm:~/dizon_githubpractice/chptr1$ git status
On branch master
Your branch is ahead of 'origin/master' by 1 commit.
  (use "git push" to publish your local commits)

Changes to be committed:
  (use "git reset HEAD <file>..." to unstage)

	new file:   NOTAFILE.md

ubuntu01@ubuntubootcampvm:~/dizon_githubpractice/chptr1$ rm NOTAFILE.md
ubuntu01@ubuntubootcampvm:~/dizon_githubpractice/chptr1$ git status
On branch master
Your branch is ahead of 'origin/master' by 1 commit.
  (use "git push" to publish your local commits)

Changes to be committed:
  (use "git reset HEAD <file>..." to unstage)

	new file:   NOTAFILE.md

Changes not staged for commit:
  (use "git add/rm <file>..." to update what will be committed)
  (use "git checkout -- <file>..." to discard changes in working directory)

	deleted:    NOTAFILE.md

ubuntu01@ubuntubootcampvm:~/dizon_githubpractice/chptr1$ 

>git log
commit 3b77f996fff40fc1005c6d1be2c322841c27e2cf
Author: Nick Dizon <jnudizon@addu.edu.ph>
Date:   Thu Jan 29 11:07:01 2015 +0800

    "This is my first commit."

commit 0511886dca24641a9a4ddffd2f5d48b41966fb1a
Author: James Nikko U. Dizon <jnudizon@addu.edu.ph>
Date:   Thu Jan 29 09:29:51 2015 +0800

    Initial commit

>git push -u origin master
Username for 'https://github.com': jnudizon
Password for 'https://jnudizon@github.com': 
Counting objects: 10, done.
Delta compression using up to 2 threads.
Compressing objects: 100% (8/8), done.
Writing objects: 100% (9/9), 1.07 KiB | 0 bytes/s, done.
Total 9 (delta 0), reused 0 (delta 0)
To https://github.com/jnudizon/dizon_githubpractice
   0511886..8b5538e  master -> master
Branch master set up to track remote branch master from origin.

>git remote show origin
* remote origin
  Fetch URL: https://github.com/jnudizon/dizon_githubpractice
  Push  URL: https://github.com/jnudizon/dizon_githubpractice
  HEAD branch: master
  Remote branch:
    master tracked
  Local branch configured for 'git pull':
    master merges with remote master
  Local ref configured for 'git push':
    master pushes to master (up to date)

ubuntu01@ubuntubootcampvm:~/dizon_githubpractice$ git remote
origin
ubuntu01@ubuntubootcampvm:~/dizon_githubpractice$ git remote -v
origin	https://github.com/jnudizon/dizon_githubpractice (fetch)
origin	https://github.com/jnudizon/dizon_githubpractice (push)
ubuntu01@ubuntubootcampvm:~/dizon_githubpractice$ git remote add jn https://github.com/jnudizon/dizon_githubpractice
ubuntu01@ubuntubootcampvm:~/dizon_githubpractice$ git fetch jn
From https://github.com/jnudizon/dizon_githubpractice
 * [new branch]      master     -> jn/master
 * [new branch]      testing    -> jn/testing
ubuntu01@ubuntubootcampvm:~/dizon_githubpractice$ git remote rename jn nick
ubuntu01@ubuntubootcampvm:~/dizon_githubpractice$ git remote
nick
origin


>git tag
ubuntu01@ubuntubootcampvm:~/dizon_githubpractice/chptr1$ git tag -a v1.0 -m 'my version 1.0'
ubuntu01@ubuntubootcampvm:~/dizon_githubpractice/chptr1$ git show v1.0
tag v1.0
Tagger: Nick Dizon <jnudizon@addu.edu.ph>
Date:   Thu Jan 29 11:24:14 2015 +0800

my version 1.0

commit 8b5538e3594b003463bb3f6a27ec9e56a55d8715
Author: Nick Dizon <jnudizon@addu.edu.ph>
Date:   Thu Jan 29 11:16:49 2015 +0800

    "Second commit"

diff --git a/chptr1/NOTAFILE.md b/chptr1/NOTAFILE.md
new file mode 100644
index 0000000..45b983b
--- /dev/null
+++ b/chptr1/NOTAFILE.md
@@ -0,0 +1 @@
+hi
ubuntu01@ubuntubootcampvm:~/dizon_githubpractice/chptr1$ 

>git push origin v1.0
Username for 'https://github.com': jnudizon
Password for 'https://jnudizon@github.com': 
Counting objects: 1, done.
Writing objects: 100% (1/1), 166 bytes | 0 bytes/s, done.
Total 1 (delta 0), reused 0 (delta 0)
To https://github.com/jnudizon/dizon_githubpractice
 * [new tag]         v1.0 -> v1.0
ubuntu01@ubuntubootcampvm:~/dizon_githubpractice$ 


